
> vite_react_shadcn_ts@0.0.0 build
> vite build

[36mvite v5.4.21 [32mbuilding for production...[36m[39m
transforming...
[32mΓ£ô[39m 1924 modules transformed.
rendering chunks...
computing gzip size...
[2mdist/[22m[32mindex.html                                                        [39m[1m[2m    1.37 kB[22m[1m[22m[2m Γöé gzip:   0.67 kB[22m
[2mdist/[22m[32massets/logo-RjyzOdOS.jpg                                          [39m[1m[2m    5.37 kB[22m[1m[22m
[2mdist/[22m[32massets/p1 (3)-B-zzKdEj.jpg                                        [39m[1m[2m   28.42 kB[22m[1m[22m
[2mdist/[22m[32massets/p1 (15)-CN82MUP5.jpg                                       [39m[1m[2m   46.92 kB[22m[1m[22m
[2mdist/[22m[32massets/rev1-B36Oh4or.jpeg                                         [39m[1m[2m   47.14 kB[22m[1m[22m
[2mdist/[22m[32massets/p1 (16)-BRxN6Z2W.jpg                                       [39m[1m[2m   54.06 kB[22m[1m[22m
[2mdist/[22m[32massets/p1 (2)-Du7ZNjpc.jpg                                        [39m[1m[2m   65.19 kB[22m[1m[22m
[2mdist/[22m[32massets/p1 (6)-xsqoywkU.jpg                                        [39m[1m[2m   71.70 kB[22m[1m[22m
[2mdist/[22m[32massets/rev2-BuCxyyVg.jpeg                                         [39m[1m[2m   71.99 kB[22m[1m[22m
[2mdist/[22m[32massets/p1 (7)-CPpqJ3vm.jpg                                        [39m[1m[2m   77.96 kB[22m[1m[22m
[2mdist/[22m[32massets/p1 (13)-DVQMX2pX.jpg                                       [39m[1m[2m   79.53 kB[22m[1m[22m
[2mdist/[22m[32massets/pk-CQsTFjUh.jpeg                                           [39m[1m[2m   80.30 kB[22m[1m[22m
[2mdist/[22m[32massets/p1 (1)-BZErfz6X.jpg                                        [39m[1m[2m   80.83 kB[22m[1m[22m
[2mdist/[22m[32massets/v-C7yIy82f.jpg                                             [39m[1m[2m   81.16 kB[22m[1m[22m
[2mdist/[22m[32massets/po-CK5J2xbc.jpeg                                           [39m[1m[2m   83.31 kB[22m[1m[22m
[2mdist/[22m[32massets/m (5)-BrRI-pKE.jpeg                                        [39m[1m[2m   84.35 kB[22m[1m[22m
[2mdist/[22m[32massets/1-BoSRAt-1.jpeg                                            [39m[1m[2m   86.14 kB[22m[1m[22m
[2mdist/[22m[32massets/hero3-Xx6ziOYE.jpeg                                        [39m[1m[2m   88.29 kB[22m[1m[22m
[2mdist/[22m[32massets/p1 (11)-D8D8NoR1.jpg                                       [39m[1m[2m   89.20 kB[22m[1m[22m
[2mdist/[22m[32massets/hero1-XnupgC4o.jpeg                                        [39m[1m[2m   91.30 kB[22m[1m[22m
[2mdist/[22m[32massets/m (2)-AML8i5DT.jpeg                                        [39m[1m[2m   95.16 kB[22m[1m[22m
[2mdist/[22m[32massets/sc-cca1av0N.jpeg                                           [39m[1m[2m   96.65 kB[22m[1m[22m
[2mdist/[22m[32massets/m (10)-biEXkAbC.jpeg                                       [39m[1m[2m  116.91 kB[22m[1m[22m
[2mdist/[22m[32massets/m (7)-Dk_UpMUt.jpeg                                        [39m[1m[2m  117.29 kB[22m[1m[22m
[2mdist/[22m[32massets/hero2-C72EL95J.jpeg                                        [39m[1m[2m  118.17 kB[22m[1m[22m
[2mdist/[22m[32massets/m (9)-BJx3trKo.jpeg                                        [39m[1m[2m  119.84 kB[22m[1m[22m
[2mdist/[22m[32massets/2-DnXoOx5N.jpeg                                            [39m[1m[2m  122.03 kB[22m[1m[22m
[2mdist/[22m[32massets/3-CSSwSi7O.jpeg                                            [39m[1m[2m  122.44 kB[22m[1m[22m
[2mdist/[22m[32massets/m (8)-C0ZrNtn4.jpeg                                        [39m[1m[2m  124.04 kB[22m[1m[22m
[2mdist/[22m[32massets/4-CzyGImxB.jpeg                                            [39m[1m[2m  125.00 kB[22m[1m[22m
[2mdist/[22m[32massets/m (4)-H37XbyH_.jpeg                                        [39m[1m[2m  126.78 kB[22m[1m[22m
[2mdist/[22m[32massets/5-gprMEuxP.jpeg                                            [39m[1m[2m  127.22 kB[22m[1m[22m
[2mdist/[22m[32massets/m (3)-B5cq1QHn.jpeg                                        [39m[1m[2m  128.19 kB[22m[1m[22m
[2mdist/[22m[32massets/m (1)-BI5YkHuB.jpeg                                        [39m[1m[2m  130.40 kB[22m[1m[22m
[2mdist/[22m[32massets/p1 (12)-enkKAICM.jpg                                       [39m[1m[2m  133.54 kB[22m[1m[22m
[2mdist/[22m[32massets/p1 (14)-BjFqSFNw.jpg                                       [39m[1m[2m  142.72 kB[22m[1m[22m
[2mdist/[22m[32massets/paps-gMSOplUW.jpeg                                         [39m[1m[2m  151.22 kB[22m[1m[22m
[2mdist/[22m[32massets/p1 (8)-COixBogs.jpg                                        [39m[1m[2m  151.82 kB[22m[1m[22m
[2mdist/[22m[32massets/m (11)-zSpEVuVo.jpeg                                       [39m[1m[2m  173.87 kB[22m[1m[22m
[2mdist/[22m[32massets/hero6-D1GMnIBS.jpg                                         [39m[1m[2m  178.91 kB[22m[1m[22m
[2mdist/[22m[32massets/hero4-BQ0I6vdY.jpeg                                        [39m[1m[2m  183.26 kB[22m[1m[22m
[2mdist/[22m[32massets/hero5-DG87s_eI.jpeg                                        [39m[1m[2m  185.04 kB[22m[1m[22m
[2mdist/[22m[32massets/logo2-It3V4_Cn.png                                         [39m[1m[2m  210.35 kB[22m[1m[22m
[2mdist/[22m[32massets/m (6)-CARcksEh.jpeg                                        [39m[1m[2m  213.00 kB[22m[1m[22m
[2mdist/[22m[32massets/p1 (9)-BXd2-iuz.jpg                                        [39m[1m[2m  238.52 kB[22m[1m[22m
[2mdist/[22m[32massets/HOD - MEN ON MISSION-DWFTDJDP.png                          [39m[1m[2m  294.35 kB[22m[1m[22m
[2mdist/[22m[32massets/p1 (10)-Bh82sFOW.jpg                                       [39m[1m[2m  325.83 kB[22m[1m[22m
[2mdist/[22m[32massets/m (29)-CsxfNxN5.jpg                                        [39m[1m[2m  382.60 kB[22m[1m[22m
[2mdist/[22m[32massets/m (21)-Dllih8B-.jpg                                        [39m[1m[2m  438.75 kB[22m[1m[22m
[2mdist/[22m[32massets/HOD - MONITORING AND EVALUATION TEAM-WpxObN47.png          [39m[1m[2m  461.69 kB[22m[1m[22m
[2mdist/[22m[32massets/m (1)-CMYwSthZ.jpg                                         [39m[1m[2m  476.53 kB[22m[1m[22m
[2mdist/[22m[32massets/HOD - MUSIC DEPARTMENT-Gh1ncG83.png                        [39m[1m[2m  480.33 kB[22m[1m[22m
[2mdist/[22m[32massets/m (18)-D5z6I0T7.jpg                                        [39m[1m[2m  487.83 kB[22m[1m[22m
[2mdist/[22m[32massets/m (20)-CRba_wPU.jpg                                        [39m[1m[2m  530.31 kB[22m[1m[22m
[2mdist/[22m[32massets/m (30)-DDSLE6jo.jpg                                        [39m[1m[2m  534.75 kB[22m[1m[22m
[2mdist/[22m[32massets/GLOBAL PASTOR AND BIBLE STUDIES CO-ORDINATOR-ibdr1Gp-.png  [39m[1m[2m  542.28 kB[22m[1m[22m
[2mdist/[22m[32massets/e1 (7)-BKfljzqb.jpg                                        [39m[1m[2m  548.19 kB[22m[1m[22m
[2mdist/[22m[32massets/m (28)-DZLzRweg.jpg                                        [39m[1m[2m  560.33 kB[22m[1m[22m
[2mdist/[22m[32massets/GLOBAL PASTOR _ HOD PROTOCOL AND USHERING -plzK4zjY.png    [39m[1m[2m  571.22 kB[22m[1m[22m
[2mdist/[22m[32massets/m (15)-BsCdRN6z.jpg                                        [39m[1m[2m  600.74 kB[22m[1m[22m
[2mdist/[22m[32massets/m (22)-x0yUmmrK.jpg                                        [39m[1m[2m  602.31 kB[22m[1m[22m
[2mdist/[22m[32massets/m (19)-5ph5Es4p.jpg                                        [39m[1m[2m  649.40 kB[22m[1m[22m
[2mdist/[22m[32massets/HOD - EDENPLAY-DSePIbop.png                                [39m[1m[2m  670.09 kB[22m[1m[22m
[2mdist/[22m[32massets/m (17)-B_vzGI27.jpg                                        [39m[1m[2m  670.39 kB[22m[1m[22m
[2mdist/[22m[32massets/vid-DLkTL7Xn.mp4                                           [39m[1m[2m  673.32 kB[22m[1m[22m
[2mdist/[22m[32massets/HOD - WOMEN ON THE MOVE-CO7-E7oc.png                       [39m[1m[2m  676.84 kB[22m[1m[22m
[2mdist/[22m[32massets/m (25)-PsRsQG9-.jpg                                        [39m[1m[2m  696.06 kB[22m[1m[22m
[2mdist/[22m[32massets/m (26)-GKLr3MQI.jpg                                        [39m[1m[2m  727.11 kB[22m[1m[22m
[2mdist/[22m[32massets/t-D1MUeK5S.jpg                                             [39m[1m[2m  727.96 kB[22m[1m[22m
[2mdist/[22m[32massets/m (23)-BkXAm08v.jpg                                        [39m[1m[2m  735.04 kB[22m[1m[22m
[2mdist/[22m[32massets/GLOBAL SECRETARY _ ADMINISTRATION HOD-B8brge62.png         [39m[1m[2m  765.30 kB[22m[1m[22m
[2mdist/[22m[32massets/m (16)-CyPqGyj6.jpg                                        [39m[1m[2m  780.86 kB[22m[1m[22m
[2mdist/[22m[32massets/HOD - TELEPASTORING-rmqVaWcN.png                           [39m[1m[2m  789.85 kB[22m[1m[22m
[2mdist/[22m[32massets/HOD - TERTIARY MINISTRY-DVMBgOUc.png                       [39m[1m[2m  803.88 kB[22m[1m[22m
[2mdist/[22m[32massets/m (24)-DlaR29Qx.jpg                                        [39m[1m[2m  819.14 kB[22m[1m[22m
[2mdist/[22m[32massets/m (27)-C0NNhZX5.jpg                                        [39m[1m[2m  914.29 kB[22m[1m[22m
[2mdist/[22m[32massets/pnuema1-B5GosAzH.png                                       [39m[1m[2m  928.96 kB[22m[1m[22m
[2mdist/[22m[32massets/m (11)-CoeVE7ux.jpg                                        [39m[1m[2m1,455.25 kB[22m[1m[22m
[2mdist/[22m[32massets/m (14)-CbhKf7rY.jpg                                        [39m[1m[2m1,515.57 kB[22m[1m[22m
[2mdist/[22m[32massets/m (10)-CGikg7Gp.jpg                                        [39m[1m[2m1,549.93 kB[22m[1m[22m
[2mdist/[22m[32massets/m (12)-IAJ3DSWM.jpg                                        [39m[1m[2m1,594.20 kB[22m[1m[22m
[2mdist/[22m[32massets/m (13)-Dq9EVgHQ.jpg                                        [39m[1m[2m1,653.33 kB[22m[1m[22m
[2mdist/[22m[32massets/m (4)-CRARCsLo.jpg                                         [39m[1m[2m1,900.11 kB[22m[1m[22m
[2mdist/[22m[32massets/m (5)-lwKggNNt.jpg                                         [39m[1m[2m2,120.74 kB[22m[1m[22m
[2mdist/[22m[32massets/m (9)-Ds2sQdFd.jpg                                         [39m[1m[2m2,165.42 kB[22m[1m[22m
[2mdist/[22m[32massets/m (8)-Dbp4m1Ma.jpg                                         [39m[1m[2m2,192.78 kB[22m[1m[22m
[2mdist/[22m[32massets/m (6)-BOxLFQd3.jpg                                         [39m[1m[2m2,428.85 kB[22m[1m[22m
[2mdist/[22m[32massets/m (2)-DZ180X2w.jpg                                         [39m[1m[2m2,560.43 kB[22m[1m[22m
[2mdist/[22m[32massets/m (3)-3BakeGEy.jpg                                         [39m[1m[2m2,665.28 kB[22m[1m[22m
[2mdist/[22m[32massets/m (7)-DX1RZ9Dj.jpg                                         [39m[1m[2m2,980.70 kB[22m[1m[22m
[2mdist/[22m[35massets/index-Cx1njY5q.css                                         [39m[1m[2m  180.17 kB[22m[1m[22m[2m Γöé gzip:  24.64 kB[22m
[2mdist/[22m[36massets/index-vAfg_GWa.js                                          [39m[1m[33m1,193.85 kB[39m[22m[2m Γöé gzip: 305.50 kB[22m
node.exe : [33m
At line:1 char:1
+ & "C:\Program Files\nodejs/node.exe" "C:\Program Files\nodejs/node_mo ...
+ ~~~~~~~~~~~~~~~~~~~~~~~~~~~~~~~~~~~~~~~~~~~~~~~~~~~~~~~~~~~~~~~~~~~~~
    + CategoryInfo          : NotSpecified: ([33m:String) [], RemoteException
    + FullyQualifiedErrorId : NativeCommandError
 
(!) Some chunks are larger than 500 kB after minification. Consider:
- Using dynamic import() to code-split the application
- Use build.rollupOptions.output.manualChunks to improve chunking: 
https://rollupjs.org/configuration-options/#output-manualchunks
- Adjust chunk size limit for this warning via 
build.chunkSizeWarningLimit.[39m
[32mΓ£ô built in 30.81s[39m
